// Jest Snapshot v1, https://goo.gl/fbAQLP

exports[`NamespaceTile capabilities renders ok when able to make changes 1`] = `
<div
  className="flex-box flex-tile namespace"
  onClick={[Function]}
>
  <p
    className="title"
  >
    namespace-name
  </p>
  <hr />
  <div
    className="bucket"
    key="dynamic_bucket_template-name"
  >
    dynamic_bucket_template-name
  </div>
  <div
    className="bucket"
    key="dynamic_bucket_template-name"
  >
    dynamic_bucket_template-name
  </div>
  <div
    className="bucket"
    key="bucket1-name"
  >
    bucket1-name
  </div>
  <div
    className="bucket"
    key="bucket2-name"
  >
    bucket2-name
  </div>
</div>
`;

exports[`NamespaceTile capabilities renders ok when can not make changes 1`] = `
<div
  className="flex-box flex-tile namespace disabled"
  onClick={[Function]}
>
  <p
    className="title"
  >
    namespace-name
  </p>
  <hr />
  <div
    className="bucket"
    key="dynamic_bucket_template-name"
  >
    dynamic_bucket_template-name
  </div>
  <div
    className="bucket"
    key="dynamic_bucket_template-name"
  >
    dynamic_bucket_template-name
  </div>
  <div
    className="bucket"
    key="bucket1-name"
  >
    bucket1-name
  </div>
  <div
    className="bucket"
    key="bucket2-name"
  >
    bucket2-name
  </div>
</div>
`;

exports[`NamespaceTile renders in selected state 1`] = `
<div
  className="flex-box flex-tile namespace selected"
  onClick={[Function]}
>
  <p
    className="title"
  >
    namespace-name
  </p>
  <hr />
  <div
    className="bucket"
    key="dynamic_bucket_template-name"
  >
    dynamic_bucket_template-name
  </div>
  <div
    className="bucket"
    key="dynamic_bucket_template-name"
  >
    dynamic_bucket_template-name
  </div>
  <div
    className="bucket"
    key="bucket1-name"
  >
    bucket1-name
  </div>
  <div
    className="bucket"
    key="bucket2-name"
  >
    bucket2-name
  </div>
</div>
`;

exports[`NamespaceTile renders with minimum data 1`] = `
<div
  className="flex-box flex-tile namespace"
  onClick={[Function]}
>
  <p
    className="title"
  >
    namespace-name
  </p>
  <hr />
  <div
    className="bucket"
    key="dynamic_bucket_template-name"
  >
    dynamic_bucket_template-name
  </div>
  <div
    className="bucket"
    key="dynamic_bucket_template-name"
  >
    dynamic_bucket_template-name
  </div>
  <div
    className="bucket"
    key="bucket1-name"
  >
    bucket1-name
  </div>
  <div
    className="bucket"
    key="bucket2-name"
  >
    bucket2-name
  </div>
</div>
`;
